
E:\KLTN-HOANGHAIDANG\De cuong KLTN\Front-end-Tim-Kiem-Viec-Lam\src\app\dashboard\settings\page.tsx
    4:18  error    'AnimatePresence' is defined but never used                                                                                                                                                                                                                                              @typescript-eslint/no-unused-vars
   14:3   error    'LinkIcon' is defined but never used                                                                                                                                                                                                                                                     @typescript-eslint/no-unused-vars
   17:3   error    'DownloadIcon' is defined but never used                                                                                                                                                                                                                                                 @typescript-eslint/no-unused-vars
   20:3   error    'SettingsIcon' is defined but never used                                                                                                                                                                                                                                                 @typescript-eslint/no-unused-vars
   21:3   error    'ShareIcon' is defined but never used                                                                                                                                                                                                                                                    @typescript-eslint/no-unused-vars
   22:3   error    'ShieldIcon' is defined but never used                                                                                                                                                                                                                                                   @typescript-eslint/no-unused-vars
   33:6   error    'TabType' is defined but never used                                                                                                                                                                                                                                                      @typescript-eslint/no-unused-vars
   65:10  error    'newCVName' is assigned a value but never used                                                                                                                                                                                                                                           @typescript-eslint/no-unused-vars
  109:14  error    'error' is defined but never used                                                                                                                                                                                                                                                        @typescript-eslint/no-unused-vars
  109:21  error    Unexpected any. Specify a different type                                                                                                                                                                                                                                                 @typescript-eslint/no-explicit-any
  147:21  error    Unexpected any. Specify a different type                                                                                                                                                                                                                                                 @typescript-eslint/no-explicit-any
  174:21  error    Unexpected any. Specify a different type                                                                                                                                                                                                                                                 @typescript-eslint/no-explicit-any
  185:16  error    'error' is defined but never used                                                                                                                                                                                                                                                        @typescript-eslint/no-unused-vars
  185:23  error    Unexpected any. Specify a different type                                                                                                                                                                                                                                                 @typescript-eslint/no-explicit-any
  196:14  error    'error' is defined but never used                                                                                                                                                                                                                                                        @typescript-eslint/no-unused-vars
  196:21  error    Unexpected any. Specify a different type                                                                                                                                                                                                                                                 @typescript-eslint/no-explicit-any
  248:27  warning  Using `<img>` could result in slower LCP and higher bandwidth. Consider using `<Image />` from `next/image` or a custom image loader to automatically optimize images. This may incur additional usage or cost from your provider. See: https://nextjs.org/docs/messages/no-img-element  @next/next/no-img-element
  475:38  error    'e' is defined but never used                                                                                                                                                                                                                                                            @typescript-eslint/no-unused-vars

E:\KLTN-HOANGHAIDANG\De cuong KLTN\Front-end-Tim-Kiem-Viec-Lam\src\components\common\CandidateProfileModal.tsx
  114:45  warning  Using `<img>` could result in slower LCP and higher bandwidth. Consider using `<Image />` from `next/image` or a custom image loader to automatically optimize images. This may incur additional usage or cost from your provider. See: https://nextjs.org/docs/messages/no-img-element  @next/next/no-img-element

Γ£û 19 problems (17 errors, 2 warnings)

